// Jest Snapshot v1, https://goo.gl/fbAQLP

exports[`DestinationStack Snapshot 1`] = `
Object {
  "Mappings": Object {
    "ServiceprincipalMap": Object {
      "af-south-1": Object {
        "ssm": "ssm.af-south-1.amazonaws.com",
      },
      "ap-east-1": Object {
        "ssm": "ssm.ap-east-1.amazonaws.com",
      },
      "ap-northeast-1": Object {
        "ssm": "ssm.amazonaws.com",
      },
      "ap-northeast-2": Object {
        "ssm": "ssm.amazonaws.com",
      },
      "ap-northeast-3": Object {
        "ssm": "ssm.amazonaws.com",
      },
      "ap-south-1": Object {
        "ssm": "ssm.amazonaws.com",
      },
      "ap-southeast-1": Object {
        "ssm": "ssm.amazonaws.com",
      },
      "ap-southeast-2": Object {
        "ssm": "ssm.amazonaws.com",
      },
      "ap-southeast-3": Object {
        "ssm": "ssm.ap-southeast-3.amazonaws.com",
      },
      "ca-central-1": Object {
        "ssm": "ssm.amazonaws.com",
      },
      "cn-north-1": Object {
        "ssm": "ssm.amazonaws.com",
      },
      "cn-northwest-1": Object {
        "ssm": "ssm.amazonaws.com",
      },
      "eu-central-1": Object {
        "ssm": "ssm.amazonaws.com",
      },
      "eu-north-1": Object {
        "ssm": "ssm.amazonaws.com",
      },
      "eu-south-1": Object {
        "ssm": "ssm.eu-south-1.amazonaws.com",
      },
      "eu-south-2": Object {
        "ssm": "ssm.eu-south-2.amazonaws.com",
      },
      "eu-west-1": Object {
        "ssm": "ssm.amazonaws.com",
      },
      "eu-west-2": Object {
        "ssm": "ssm.amazonaws.com",
      },
      "eu-west-3": Object {
        "ssm": "ssm.amazonaws.com",
      },
      "me-south-1": Object {
        "ssm": "ssm.me-south-1.amazonaws.com",
      },
      "sa-east-1": Object {
        "ssm": "ssm.amazonaws.com",
      },
      "us-east-1": Object {
        "ssm": "ssm.amazonaws.com",
      },
      "us-east-2": Object {
        "ssm": "ssm.amazonaws.com",
      },
      "us-gov-east-1": Object {
        "ssm": "ssm.amazonaws.com",
      },
      "us-gov-west-1": Object {
        "ssm": "ssm.amazonaws.com",
      },
      "us-iso-east-1": Object {
        "ssm": "ssm.amazonaws.com",
      },
      "us-iso-west-1": Object {
        "ssm": "ssm.us-iso-west-1.amazonaws.com",
      },
      "us-isob-east-1": Object {
        "ssm": "ssm.amazonaws.com",
      },
      "us-west-1": Object {
        "ssm": "ssm.amazonaws.com",
      },
      "us-west-2": Object {
        "ssm": "ssm.amazonaws.com",
      },
    },
  },
  "Resources": Object {
    "Role8C6B06EB": Object {
      "Properties": Object {
        "AssumeRolePolicyDocument": Object {
          "Statement": Array [
            Object {
              "Action": "sts:AssumeRole",
              "Effect": "Allow",
              "Principal": Object {
                "Service": Object {
                  "Fn::FindInMap": Array [
                    "ServiceprincipalMap",
                    Object {
                      "Ref": "AWS::Region",
                    },
                    "ssm",
                  ],
                },
              },
            },
          ],
          "Version": "2012-10-17",
        },
        "ManagedPolicyArns": Array [
          Object {
            "Fn::Join": Array [
              "",
              Array [
                "arn:",
                Object {
                  "Ref": "AWS::Partition",
                },
                ":iam::aws:policy/AmazonSSMManagedInstanceCore",
              ],
            ],
          },
        ],
        "Policies": Array [
          Object {
            "PolicyDocument": Object {
              "Statement": Array [
                Object {
                  "Action": "s3:GetObject",
                  "Effect": "Allow",
                  "Resource": "arn:aws:s3:::bucketName/h6060-001.zip",
                },
              ],
              "Version": "2012-10-17",
            },
            "PolicyName": "bucket",
          },
        ],
        "RoleName": "SSMServiceRole-h6060-001",
      },
      "Type": "AWS::IAM::Role",
    },
    "RoleTablePolicyED9E5ADA": Object {
      "Properties": Object {
        "PolicyDocument": Object {
          "Statement": Array [
            Object {
              "Action": Array [
                "dynamodb:DescribeLimits",
                "dynamodb:DescribeTimeToLive",
                "dynamodb:ListTagsOfResource",
                "dynamodb:DescribeReservedCapacityOfferings",
                "dynamodb:DescribeReservedCapacity",
                "dynamodb:BatchGetItem",
                "dynamodb:BatchWriteItem",
                "dynamodb:CreateTable",
                "dynamodb:DeleteItem",
                "dynamodb:GetItem",
                "dynamodb:GetRecords",
                "dynamodb:PutItem",
                "dynamodb:Query",
                "dynamodb:UpdateItem",
                "dynamodb:Scan",
                "dynamodb:DescribeTable",
              ],
              "Effect": "Allow",
              "Resource": Object {
                "Fn::Join": Array [
                  "",
                  Array [
                    "arn:aws:dynamodb:",
                    Object {
                      "Ref": "AWS::Region",
                    },
                    ":",
                    Object {
                      "Ref": "AWS::AccountId",
                    },
                    ":table/tableName",
                  ],
                ],
              },
            },
            Object {
              "Action": "dynamodb:ListTables",
              "Effect": "Allow",
              "Resource": Object {
                "Fn::Join": Array [
                  "",
                  Array [
                    "arn:aws:dynamodb:",
                    Object {
                      "Ref": "AWS::Region",
                    },
                    ":",
                    Object {
                      "Ref": "AWS::AccountId",
                    },
                    ":table/*",
                  ],
                ],
              },
            },
          ],
          "Version": "2012-10-17",
        },
        "PolicyName": "table",
        "Roles": Array [
          Object {
            "Ref": "Role8C6B06EB",
          },
        ],
      },
      "Type": "AWS::IAM::Policy",
    },
  },
}
`;
