// Jest Snapshot v1, https://goo.gl/fbAQLP

exports[`DestinationStack Snapshot 1`] = `
Object {
  "Mappings": Object {
    "ServiceprincipalMap": Object {
      "af-south-1": Object {
        "ssm": "ssm.af-south-1.amazonaws.com",
      },
      "ap-east-1": Object {
        "ssm": "ssm.ap-east-1.amazonaws.com",
      },
      "ap-northeast-1": Object {
        "ssm": "ssm.amazonaws.com",
      },
      "ap-northeast-2": Object {
        "ssm": "ssm.amazonaws.com",
      },
      "ap-northeast-3": Object {
        "ssm": "ssm.amazonaws.com",
      },
      "ap-south-1": Object {
        "ssm": "ssm.amazonaws.com",
      },
      "ap-southeast-1": Object {
        "ssm": "ssm.amazonaws.com",
      },
      "ap-southeast-2": Object {
        "ssm": "ssm.amazonaws.com",
      },
      "ap-southeast-3": Object {
        "ssm": "ssm.ap-southeast-3.amazonaws.com",
      },
      "ca-central-1": Object {
        "ssm": "ssm.amazonaws.com",
      },
      "cn-north-1": Object {
        "ssm": "ssm.amazonaws.com",
      },
      "cn-northwest-1": Object {
        "ssm": "ssm.amazonaws.com",
      },
      "eu-central-1": Object {
        "ssm": "ssm.amazonaws.com",
      },
      "eu-north-1": Object {
        "ssm": "ssm.amazonaws.com",
      },
      "eu-south-1": Object {
        "ssm": "ssm.eu-south-1.amazonaws.com",
      },
      "eu-south-2": Object {
        "ssm": "ssm.eu-south-2.amazonaws.com",
      },
      "eu-west-1": Object {
        "ssm": "ssm.amazonaws.com",
      },
      "eu-west-2": Object {
        "ssm": "ssm.amazonaws.com",
      },
      "eu-west-3": Object {
        "ssm": "ssm.amazonaws.com",
      },
      "me-south-1": Object {
        "ssm": "ssm.me-south-1.amazonaws.com",
      },
      "sa-east-1": Object {
        "ssm": "ssm.amazonaws.com",
      },
      "us-east-1": Object {
        "ssm": "ssm.amazonaws.com",
      },
      "us-east-2": Object {
        "ssm": "ssm.amazonaws.com",
      },
      "us-gov-east-1": Object {
        "ssm": "ssm.amazonaws.com",
      },
      "us-gov-west-1": Object {
        "ssm": "ssm.amazonaws.com",
      },
      "us-iso-east-1": Object {
        "ssm": "ssm.amazonaws.com",
      },
      "us-iso-west-1": Object {
        "ssm": "ssm.us-iso-west-1.amazonaws.com",
      },
      "us-isob-east-1": Object {
        "ssm": "ssm.amazonaws.com",
      },
      "us-west-1": Object {
        "ssm": "ssm.amazonaws.com",
      },
      "us-west-2": Object {
        "ssm": "ssm.amazonaws.com",
      },
    },
  },
  "Resources": Object {
    "AWSb4cf1abd4e4f4bc699441af7ccd9ec371511E620": Object {
      "DependsOn": Array [
        "AWSb4cf1abd4e4f4bc699441af7ccd9ec37ServiceRoleDefaultPolicy4D43A7C1",
        "AWSb4cf1abd4e4f4bc699441af7ccd9ec37ServiceRole9FFE9C50",
      ],
      "Properties": Object {
        "Code": Object {
          "S3Bucket": Object {
            "Fn::Sub": "cdk-hnb659fds-assets-\${AWS::AccountId}-\${AWS::Region}",
          },
          "S3Key": "51cea70005434e28deb06e10b999a505b48f475c7a4762c082271c39c5a792d5.zip",
        },
        "Handler": "index.handler",
        "Role": Object {
          "Fn::GetAtt": Array [
            "AWSb4cf1abd4e4f4bc699441af7ccd9ec37ServiceRole9FFE9C50",
            "Arn",
          ],
        },
        "Runtime": "nodejs12.x",
      },
      "Type": "AWS::Lambda::Function",
    },
    "AWSb4cf1abd4e4f4bc699441af7ccd9ec37ServiceRole9FFE9C50": Object {
      "Properties": Object {
        "AssumeRolePolicyDocument": Object {
          "Statement": Array [
            Object {
              "Action": "sts:AssumeRole",
              "Effect": "Allow",
              "Principal": Object {
                "Service": "lambda.amazonaws.com",
              },
            },
          ],
          "Version": "2012-10-17",
        },
        "ManagedPolicyArns": Array [
          Object {
            "Fn::Join": Array [
              "",
              Array [
                "arn:",
                Object {
                  "Ref": "AWS::Partition",
                },
                ":iam::aws:policy/service-role/AWSLambdaBasicExecutionRole",
              ],
            ],
          },
        ],
      },
      "Type": "AWS::IAM::Role",
    },
    "AWSb4cf1abd4e4f4bc699441af7ccd9ec37ServiceRoleDefaultPolicy4D43A7C1": Object {
      "Properties": Object {
        "PolicyDocument": Object {
          "Statement": Array [
            Object {
              "Action": "ssm:*",
              "Effect": "Allow",
              "Resource": "*",
            },
          ],
          "Version": "2012-10-17",
        },
        "PolicyName": "AWSb4cf1abd4e4f4bc699441af7ccd9ec37ServiceRoleDefaultPolicy4D43A7C1",
        "Roles": Array [
          Object {
            "Ref": "AWSb4cf1abd4e4f4bc699441af7ccd9ec37ServiceRole9FFE9C50",
          },
        ],
      },
      "Type": "AWS::IAM::Policy",
    },
    "DeploymentRule01741417": Object {
      "Properties": Object {
        "EventPattern": Object {
          "detail": Object {
            "eventName": Array [
              "PutObject",
            ],
            "eventSource": Array [
              "s3.amazonaws.com",
            ],
            "requestParameters": Object {
              "bucketName": "bucketName",
              "key": "h6060-001.zip",
            },
          },
          "source": Array [
            "aws.s3",
          ],
        },
        "Name": "deployTrigger-h6060-001",
        "State": "ENABLED",
        "Targets": Array [
          Object {
            "Arn": Object {
              "Fn::GetAtt": Array [
                "AWSb4cf1abd4e4f4bc699441af7ccd9ec371511E620",
                "Arn",
              ],
            },
            "Id": "Target0",
            "Input": "{\\"service\\":\\"service\\",\\"action\\":\\"action\\",\\"parameters\\":{\\"destination\\":\\"h6060-001\\"},\\"catchErrorPattern\\":\\"catchErrorPattern\\",\\"apiVersion\\":\\"apiVersion\\"}",
          },
        ],
      },
      "Type": "AWS::Events::Rule",
    },
    "DeploymentRuleAllowEventRuleDestinationStackDeploymentRuleRuleTarget0Handler9A4F941148A9BD9E": Object {
      "Properties": Object {
        "Action": "lambda:InvokeFunction",
        "FunctionName": Object {
          "Fn::GetAtt": Array [
            "AWSb4cf1abd4e4f4bc699441af7ccd9ec371511E620",
            "Arn",
          ],
        },
        "Principal": "events.amazonaws.com",
        "SourceArn": Object {
          "Fn::GetAtt": Array [
            "DeploymentRule01741417",
            "Arn",
          ],
        },
      },
      "Type": "AWS::Lambda::Permission",
    },
    "Role8C6B06EB": Object {
      "Properties": Object {
        "AssumeRolePolicyDocument": Object {
          "Statement": Array [
            Object {
              "Action": "sts:AssumeRole",
              "Effect": "Allow",
              "Principal": Object {
                "Service": Object {
                  "Fn::FindInMap": Array [
                    "ServiceprincipalMap",
                    Object {
                      "Ref": "AWS::Region",
                    },
                    "ssm",
                  ],
                },
              },
            },
          ],
          "Version": "2012-10-17",
        },
        "ManagedPolicyArns": Array [
          Object {
            "Fn::Join": Array [
              "",
              Array [
                "arn:",
                Object {
                  "Ref": "AWS::Partition",
                },
                ":iam::aws:policy/AmazonSSMManagedInstanceCore",
              ],
            ],
          },
        ],
        "Policies": Array [
          Object {
            "PolicyDocument": Object {
              "Statement": Array [
                Object {
                  "Action": Array [
                    "dynamodb:DescribeLimits",
                    "dynamodb:DescribeTimeToLive",
                    "dynamodb:ListTagsOfResource",
                    "dynamodb:DescribeReservedCapacityOfferings",
                    "dynamodb:DescribeReservedCapacity",
                    "dynamodb:ListTables",
                    "dynamodb:BatchGetItem",
                    "dynamodb:BatchWriteItem",
                    "dynamodb:CreateTable",
                    "dynamodb:DeleteItem",
                    "dynamodb:GetItem",
                    "dynamodb:GetRecords",
                    "dynamodb:PutItem",
                    "dynamodb:Query",
                    "dynamodb:UpdateItem",
                    "dynamodb:Scan",
                    "dynamodb:DescribeTable",
                  ],
                  "Effect": "Allow",
                  "Resource": Object {
                    "Fn::Join": Array [
                      "",
                      Array [
                        "arn:aws:dynamodb:",
                        Object {
                          "Ref": "AWS::Region",
                        },
                        ":",
                        Object {
                          "Ref": "AWS::AccountId",
                        },
                        ":table/tableName",
                      ],
                    ],
                  },
                },
              ],
              "Version": "2012-10-17",
            },
            "PolicyName": "table",
          },
          Object {
            "PolicyDocument": Object {
              "Statement": Array [
                Object {
                  "Action": "s3:GetObject",
                  "Effect": "Allow",
                  "Resource": "arn:aws:s3:::bucketName/h6060-001.zip",
                },
              ],
              "Version": "2012-10-17",
            },
            "PolicyName": "bucket",
          },
        ],
        "RoleName": "SSMServiceRole-h6060-001",
      },
      "Type": "AWS::IAM::Role",
    },
  },
}
`;
